[    0.000000] Initializing cgroup subsys cpuset
[    0.000000] Initializing cgroup subsys cpu
[    0.000000] Initializing cgroup subsys cpuacct
[    0.000000] Linux version 4.4.0-187-generic (buildd@lgw01-amd64-035) (gcc version 5.4.0 20160609 (Ubuntu 5.4.0-6ubuntu1~16.04.12) ) #217-Ubuntu SMP Tue Jul 21 04:18:15 UTC 2020 (Ubuntu 4.4.0-187.217-generic 4.4.230)
[    0.000000] Command line: BOOT_IMAGE=/boot/vmlinuz-4.4.0-187-generic root=LABEL=cloudimg-rootfs ro console=tty1 console=ttyS0
[    0.000000] KERNEL supported cpus:
[    0.000000]   Intel GenuineIntel
[    0.000000]   AMD AuthenticAMD
[    0.000000]   Centaur CentaurHauls
[    0.000000] x86/fpu: xstate_offset[2]:  576, xstate_sizes[2]:  256
[    0.000000] x86/fpu: Supporting XSAVE feature 0x01: 'x87 floating point registers'
[    0.000000] x86/fpu: Supporting XSAVE feature 0x02: 'SSE registers'
[    0.000000] x86/fpu: Supporting XSAVE feature 0x04: 'AVX registers'
[    0.000000] x86/fpu: Enabled xstate features 0x7, context size is 832 bytes, using 'standard' format.
[    0.000000] e820: BIOS-provided physical RAM map:
[    0.000000] BIOS-e820: [mem 0x0000000000000000-0x000000000009fbff] usable
[    0.000000] BIOS-e820: [mem 0x000000000009fc00-0x000000000009ffff] reserved
[    0.000000] BIOS-e820: [mem 0x00000000000f0000-0x00000000000fffff] reserved
[    0.000000] BIOS-e820: [mem 0x0000000000100000-0x000000007ffeffff] usable
[    0.000000] BIOS-e820: [mem 0x000000007fff0000-0x000000007fffffff] ACPI data
[    0.000000] BIOS-e820: [mem 0x00000000fec00000-0x00000000fec00fff] reserved
[    0.000000] BIOS-e820: [mem 0x00000000fee00000-0x00000000fee00fff] reserved
[    0.000000] BIOS-e820: [mem 0x00000000fffc0000-0x00000000ffffffff] reserved
[    0.000000] NX (Execute Disable) protection: active
[    0.000000] SMBIOS 2.5 present.
[    0.000000] Hypervisor detected: KVM
[    0.000000] Kernel/User page tables isolation: disabled
[    0.000000] e820: last_pfn = 0x7fff0 max_arch_pfn = 0x400000000
[    0.000000] MTRR: Disabled
[    0.000000] x86/PAT: MTRRs disabled, skipping PAT initialization too.
[    0.000000] CPU MTRRs all blank - virtualized system.
[    0.000000] x86/PAT: Configuration [0-7]: WB  WT  UC- UC  WB  WT  UC- UC  
[    0.000000] found SMP MP-table at [mem 0x0009fff0-0x0009ffff] mapped at [ffff88000009fff0]
[    0.000000] Scanning 1 areas for low memory corruption
[    0.000000] RAMDISK: [mem 0x362e2000-0x37168fff]
[    0.000000] ACPI: Early table checksum verification disabled
[    0.000000] ACPI: RSDP 0x00000000000E0000 000024 (v02 VBOX  )
[    0.000000] ACPI: XSDT 0x000000007FFF0030 00003C (v01 VBOX   VBOXXSDT 00000001 ASL  00000061)
[    0.000000] ACPI: FACP 0x000000007FFF00F0 0000F4 (v04 VBOX   VBOXFACP 00000001 ASL  00000061)
[    0.000000] ACPI: DSDT 0x000000007FFF0470 0022EA (v02 VBOX   VBOXBIOS 00000002 INTL 20100528)
[    0.000000] ACPI: FACS 0x000000007FFF0200 000040
[    0.000000] ACPI: FACS 0x000000007FFF0200 000040
[    0.000000] ACPI: APIC 0x000000007FFF0240 00005C (v02 VBOX   VBOXAPIC 00000001 ASL  00000061)
[    0.000000] ACPI: SSDT 0x000000007FFF02A0 0001CC (v01 VBOX   VBOXCPUT 00000002 INTL 20100528)
[    0.000000] No NUMA configuration found
[    0.000000] Faking a node at [mem 0x0000000000000000-0x000000007ffeffff]
[    0.000000] NODE_DATA(0) allocated [mem 0x7ffeb000-0x7ffeffff]
[    0.000000] kvm-clock: Using msrs 4b564d01 and 4b564d00
[    0.000000] kvm-clock: cpu 0, msr 0:7ffe3001, primary cpu clock
[    0.000000] kvm-clock: using sched offset of 3268269618 cycles
[    0.000000] clocksource: kvm-clock: mask: 0xffffffffffffffff max_cycles: 0x1cd42e4dffb, max_idle_ns: 881590591483 ns
[    0.000000] Zone ranges:
[    0.000000]   DMA      [mem 0x0000000000001000-0x0000000000ffffff]
[    0.000000]   DMA32    [mem 0x0000000001000000-0x000000007ffeffff]
[    0.000000]   Normal   empty
[    0.000000]   Device   empty
[    0.000000] Movable zone start for each node
[    0.000000] Early memory node ranges
[    0.000000]   node   0: [mem 0x0000000000001000-0x000000000009efff]
[    0.000000]   node   0: [mem 0x0000000000100000-0x000000007ffeffff]
[    0.000000] Initmem setup node 0 [mem 0x0000000000001000-0x000000007ffeffff]
[    0.000000] ACPI: PM-Timer IO Port: 0x4008
[    0.000000] IOAPIC[0]: apic_id 2, version 32, address 0xfec00000, GSI 0-23
[    0.000000] ACPI: INT_SRC_OVR (bus 0 bus_irq 0 global_irq 2 dfl dfl)
[    0.000000] ACPI: INT_SRC_OVR (bus 0 bus_irq 9 global_irq 9 low level)
[    0.000000] Using ACPI (MADT) for SMP configuration information
[    0.000000] smpboot: Allowing 2 CPUs, 0 hotplug CPUs
[    0.000000] PM: Registered nosave memory: [mem 0x00000000-0x00000fff]
[    0.000000] PM: Registered nosave memory: [mem 0x0009f000-0x0009ffff]
[    0.000000] PM: Registered nosave memory: [mem 0x000a0000-0x000effff]
[    0.000000] PM: Registered nosave memory: [mem 0x000f0000-0x000fffff]
[    0.000000] e820: [mem 0x80000000-0xfebfffff] available for PCI devices
[    0.000000] Booting paravirtualized kernel on KVM
[    0.000000] clocksource: refined-jiffies: mask: 0xffffffff max_cycles: 0xffffffff, max_idle_ns: 7645519600211568 ns
[    0.000000] setup_percpu: NR_CPUS:512 nr_cpumask_bits:512 nr_cpu_ids:2 nr_node_ids:1
[    0.000000] PERCPU: Embedded 33 pages/cpu @ffff88007fc00000 s95512 r8192 d31464 u1048576
[    0.000000] Built 1 zonelists in Node order, mobility grouping on.  Total pages: 515960
[    0.000000] Policy zone: DMA32
[    0.000000] Kernel command line: BOOT_IMAGE=/boot/vmlinuz-4.4.0-187-generic root=LABEL=cloudimg-rootfs ro console=tty1 console=ttyS0
[    0.000000] PID hash table entries: 4096 (order: 3, 32768 bytes)
[    0.000000] Memory: 2029860K/2096696K available (8636K kernel code, 1337K rwdata, 4040K rodata, 1492K init, 1296K bss, 66836K reserved, 0K cma-reserved)
[    0.000000] SLUB: HWalign=64, Order=0-3, MinObjects=0, CPUs=2, Nodes=1
[    0.000000] Hierarchical RCU implementation.
[    0.000000] 	Build-time adjustment of leaf fanout to 64.
[    0.000000] 	RCU restricting CPUs from NR_CPUS=512 to nr_cpu_ids=2.
[    0.000000] RCU: Adjusting geometry for rcu_fanout_leaf=64, nr_cpu_ids=2
[    0.000000] NR_IRQS:33024 nr_irqs:440 16
[    0.000000] Console: colour VGA+ 80x25
[    0.000000] console [tty1] enabled
[    0.000000] console [ttyS0] enabled
[    0.000000] tsc: Detected 2591.996 MHz processor
[    0.176521] Calibrating delay loop (skipped) preset value.. 5183.99 BogoMIPS (lpj=10367984)
[    0.178181] pid_max: default: 32768 minimum: 301
[    0.179079] ACPI: Core revision 20150930
[    0.180715] ACPI: 2 ACPI AML tables successfully acquired and loaded
[    0.182024] Security Framework initialized
[    0.182849] Yama: becoming mindful.
[    0.183623] AppArmor: AppArmor initialized
[    0.185520] Dentry cache hash table entries: 262144 (order: 9, 2097152 bytes)
[    0.187135] Inode-cache hash table entries: 131072 (order: 8, 1048576 bytes)
[    0.188560] Mount-cache hash table entries: 4096 (order: 3, 32768 bytes)
[    0.189724] Mountpoint-cache hash table entries: 4096 (order: 3, 32768 bytes)
[    0.193682] Initializing cgroup subsys io
[    0.194512] Initializing cgroup subsys memory
[    0.195363] Initializing cgroup subsys devices
[    0.196256] Initializing cgroup subsys freezer
[    0.197128] Initializing cgroup subsys net_cls
[    0.197988] Initializing cgroup subsys perf_event
[    0.198878] Initializing cgroup subsys net_prio
[    0.199746] Initializing cgroup subsys hugetlb
[    0.200667] Initializing cgroup subsys pids
[    0.202689] mce: CPU supports 0 MCE banks
[    0.203529] Last level iTLB entries: 4KB 64, 2MB 8, 4MB 8
[    0.204552] Last level dTLB entries: 4KB 64, 2MB 0, 4MB 0, 1GB 4
[    0.205626] Spectre V1 : Mitigation: usercopy/swapgs barriers and __user pointer sanitization
[    0.207261] Spectre V2 : Mitigation: Enhanced IBRS
[    0.208137] Spectre V2 : Spectre v2 / SpectreRSB mitigation: Filling RSB on context switch
[    0.209703] Speculative Store Bypass: Vulnerable
[    0.213280] Freeing SMP alternatives memory: 36K
[    0.220120] ftrace: allocating 32337 entries in 127 pages
[    0.267507] smpboot: APIC(0) Converting physical 0 to logical package 0
[    0.268855] smpboot: Max logical packages: 1
[    0.269962] x2apic enabled
[    0.270816] Switched APIC routing to physical x2apic.
[    0.273233] ..TIMER: vector=0x30 apic1=0 pin1=2 apic2=-1 pin2=-1
[    0.382453] smpboot: CPU0: Intel(R) Core(TM) i7-10750H CPU @ 2.60GHz (family: 0x6, model: 0xa5, stepping: 0x2)
[    0.384656] Performance Events: unsupported p6 CPU model 165 no PMU driver, software events only.
[    0.395657] KVM setup paravirtual spinlock
[    0.397071] x86: Booting SMP configuration:
[    0.397855] .... node  #0, CPUs:      #1
[    0.398959] kvm-clock: cpu 1, msr 0:7ffe3041, secondary cpu clock
[    0.400925] mce: CPU supports 0 MCE banks
[    0.403400] x86: Booted up 1 node, 2 CPUs
[    0.404344] smpboot: Total of 2 processors activated (10367.98 BogoMIPS)
[    0.405867] devtmpfs: initialized
[    0.408510] evm: security.selinux
[    0.409273] evm: security.SMACK64
[    0.410080] evm: security.SMACK64EXEC
[    0.410809] evm: security.SMACK64TRANSMUTE
[    0.411600] evm: security.SMACK64MMAP
[    0.412347] evm: security.ima
[    0.413011] evm: security.capability
[    0.413857] clocksource: jiffies: mask: 0xffffffff max_cycles: 0xffffffff, max_idle_ns: 7645041785100000 ns
[    0.415584] futex hash table entries: 512 (order: 3, 32768 bytes)
[    0.416702] pinctrl core: initialized pinctrl subsystem
[    0.417753] RTC time: 14:40:35, date: 10/12/20
[    0.418727] NET: Registered protocol family 16
[    0.431665] cpuidle: using governor ladder
[    0.443388] cpuidle: using governor menu
[    0.444246] PCCT header not found.
[    0.445060] ACPI: bus type PCI registered
[    0.445977] acpiphp: ACPI Hot Plug PCI Controller Driver version: 0.5
[    0.447277] PCI: Using configuration type 1 for base access
[    0.460635] ACPI: Added _OSI(Module Device)
[    0.461474] ACPI: Added _OSI(Processor Device)
[    0.462346] ACPI: Added _OSI(3.0 _SCP Extensions)
[    0.463274] ACPI: Added _OSI(Processor Aggregator Device)
[    0.464946] ACPI: Executed 1 blocks of module-level executable AML code
[    0.470801] ACPI: Interpreter enabled
[    0.471624] ACPI: (supports S0 S5)
[    0.472344] ACPI: Using IOAPIC for interrupt routing
[    0.473420] PCI: Using host bridge windows from ACPI; if necessary, use "pci=nocrs" and report a bug
[    0.478290] ACPI: PCI Root Bridge [PCI0] (domain 0000 [bus 00-ff])
[    0.479391] acpi PNP0A03:00: _OSC: OS supports [ASPM ClockPM Segments MSI]
[    0.480900] acpi PNP0A03:00: _OSC: not requesting OS control; OS requires [ExtendedConfig ASPM ClockPM MSI]
[    0.482706] acpi PNP0A03:00: fail to add MMCONFIG information, can't access extended PCI configuration space under this bridge.
[    0.485057] PCI host bridge to bus 0000:00
[    0.485933] pci_bus 0000:00: root bus resource [io  0x0000-0x0cf7 window]
[    0.487090] pci_bus 0000:00: root bus resource [io  0x0d00-0xffff window]
[    0.488362] pci_bus 0000:00: root bus resource [mem 0x000a0000-0x000bffff window]
[    0.489831] pci_bus 0000:00: root bus resource [mem 0x80000000-0xfdffffff window]
[    0.491370] pci_bus 0000:00: root bus resource [bus 00-ff]
[    0.494158] pci 0000:00:01.1: legacy IDE quirk: reg 0x10: [io  0x01f0-0x01f7]
[    0.495342] pci 0000:00:01.1: legacy IDE quirk: reg 0x14: [io  0x03f6]
[    0.496491] pci 0000:00:01.1: legacy IDE quirk: reg 0x18: [io  0x0170-0x0177]
[    0.497685] pci 0000:00:01.1: legacy IDE quirk: reg 0x1c: [io  0x0376]
[    0.519622] pci 0000:00:07.0: quirk: [io  0x4000-0x403f] claimed by PIIX4 ACPI
[    0.531339] pci 0000:00:07.0: quirk: [io  0x4100-0x410f] claimed by PIIX4 SMB
[    0.544561] ACPI: PCI Interrupt Link [LNKA] (IRQs 5 9 10 *11)
[    0.546251] ACPI: PCI Interrupt Link [LNKB] (IRQs 5 9 *10 11)
[    0.547775] ACPI: PCI Interrupt Link [LNKC] (IRQs 5 *9 10 11)
[    0.549373] ACPI: PCI Interrupt Link [LNKD] (IRQs 5 9 10 *11)
[    0.551044] ACPI: Enabled 2 GPEs in block 00 to 07
[    0.552410] vgaarb: setting as boot device: PCI:0000:00:02.0
[    0.553436] vgaarb: device added: PCI:0000:00:02.0,decodes=io+mem,owns=io+mem,locks=none
[    0.555022] vgaarb: loaded
[    0.555674] vgaarb: bridge control possible 0000:00:02.0
[    0.557051] SCSI subsystem initialized
[    0.557933] ACPI: bus type USB registered
[    0.558774] usbcore: registered new interface driver usbfs
[    0.559842] usbcore: registered new interface driver hub
[    0.560867] usbcore: registered new device driver usb
[    0.562074] PCI: Using ACPI for IRQ routing
[    0.563183] NetLabel: Initializing
[    0.563969] NetLabel:  domain hash size = 128
[    0.564905] NetLabel:  protocols = UNLABELED CIPSOv4
[    0.565859] NetLabel:  unlabeled traffic allowed by default
[    0.567044] amd_nb: Cannot enumerate AMD northbridges
[    0.568073] clocksource: Switched to clocksource kvm-clock
[    0.579963] AppArmor: AppArmor Filesystem Enabled
[    0.580962] pnp: PnP ACPI init
[    0.582357] pnp: PnP ACPI: found 3 devices
[    0.593886] clocksource: acpi_pm: mask: 0xffffff max_cycles: 0xffffff, max_idle_ns: 2085701024 ns
[    0.595630] NET: Registered protocol family 2
[    0.596678] TCP established hash table entries: 16384 (order: 5, 131072 bytes)
[    0.598175] TCP bind hash table entries: 16384 (order: 6, 262144 bytes)
[    0.599354] TCP: Hash tables configured (established 16384 bind 16384)
[    0.600612] UDP hash table entries: 1024 (order: 3, 32768 bytes)
[    0.601700] UDP-Lite hash table entries: 1024 (order: 3, 32768 bytes)
[    0.603012] NET: Registered protocol family 1
[    0.603884] pci 0000:00:00.0: Limiting direct PCI/PCI transfers
[    0.604998] pci 0000:00:01.0: Activating ISA DMA hang workarounds
[    0.606238] Unpacking initramfs...
[    0.888929] Freeing initrd memory: 14876K
[    0.889979] clocksource: tsc: mask: 0xffffffffffffffff max_cycles: 0x255cb30caa3, max_idle_ns: 440795217292 ns
[    0.891961] platform rtc_cmos: registered platform RTC device (no PNP device found)
[    0.893577] Scanning for low memory corruption every 60 seconds
[    0.895122] audit: initializing netlink subsys (disabled)
[    0.896177] audit: type=2000 audit(1602513640.867:1): initialized
[    0.897620] Initialise system trusted keyring
[    0.898642] HugeTLB registered 2 MB page size, pre-allocated 0 pages
[    0.901063] zbud: loaded
[    0.902150] VFS: Disk quotas dquot_6.6.0
[    0.903104] VFS: Dquot-cache hash table entries: 512 (order 0, 4096 bytes)
[    0.904834] squashfs: version 4.0 (2009/01/31) Phillip Lougher
[    0.906453] fuse init (API version 7.23)
[    0.907481] Key type big_key registered
[    0.908300] Allocating IMA MOK and blacklist keyrings.
[    0.910550] Key type asymmetric registered
[    0.911376] Asymmetric key parser 'x509' registered
[    0.912389] Block layer SCSI generic (bsg) driver version 0.4 loaded (major 249)
[    0.914208] io scheduler noop registered
[    0.915026] io scheduler deadline registered (default)
[    0.916034] io scheduler cfq registered
[    0.917019] pci_hotplug: PCI Hot Plug PCI Core version: 0.5
[    0.918167] pciehp: PCI Express Hot Plug Controller Driver version: 0.4
[    0.919482] ACPI: AC Adapter [AC] (on-line)
[    0.920453] input: Power Button as /devices/LNXSYSTM:00/LNXPWRBN:00/input/input0
[    0.922071] ACPI: Power Button [PWRF]
[    0.922905] input: Sleep Button as /devices/LNXSYSTM:00/LNXSLPBN:00/input/input1
[    0.924430] ACPI: Sleep Button [SLPF]
[    0.925514] GHES: HEST is not enabled!
[    0.926145] ACPI: Battery Slot [BAT0] (battery present)
[    0.927550] Serial: 8250/16550 driver, 32 ports, IRQ sharing enabled
[    0.949261] 00:02: ttyS0 at I/O 0x3f8 (irq = 4, base_baud = 115200) is a 16550A
[    0.953801] Linux agpgart interface v0.103
[    0.957515] loop: module loaded
[    0.958895] scsi host0: ata_piix
[    0.959784] scsi host1: ata_piix
[    0.960575] ata1: PATA max UDMA/33 cmd 0x1f0 ctl 0x3f6 bmdma 0xd000 irq 14
[    0.961789] ata2: PATA max UDMA/33 cmd 0x170 ctl 0x376 bmdma 0xd008 irq 15
[    0.963302] libphy: Fixed MDIO Bus: probed
[    0.964215] tun: Universal TUN/TAP device driver, 1.6
[    0.965225] tun: (C) 1999-2004 Max Krasnyansky <maxk@qualcomm.com>
[    0.966785] PPP generic driver version 2.4.2
[    0.967966] ehci_hcd: USB 2.0 'Enhanced' Host Controller (EHCI) Driver
[    0.969202] ehci-pci: EHCI PCI platform driver
[    0.970179] ehci-platform: EHCI generic platform driver
[    0.971182] ohci_hcd: USB 1.1 'Open' Host Controller (OHCI) Driver
[    0.972305] ohci-pci: OHCI PCI platform driver
[    0.973222] ohci-platform: OHCI generic platform driver
[    0.974220] uhci_hcd: USB Universal Host Controller Interface driver
[    0.975432] i8042: PNP: PS/2 Controller [PNP0303:PS2K,PNP0f03:PS2M] at 0x60,0x64 irq 1,12
[    0.977539] serio: i8042 KBD port at 0x60,0x64 irq 1
[    0.978492] serio: i8042 AUX port at 0x60,0x64 irq 12
[    0.979697] mousedev: PS/2 mouse device common for all mice
[    0.981273] input: AT Translated Set 2 keyboard as /devices/platform/i8042/serio0/input/input2
[    0.983368] rtc_cmos rtc_cmos: rtc core: registered rtc_cmos as rtc0
[    0.984678] rtc_cmos rtc_cmos: alarms up to one day, 114 bytes nvram
[    0.985852] i2c /dev entries driver
[    0.986664] device-mapper: uevent: version 1.0.3
[    0.987729] device-mapper: ioctl: 4.34.0-ioctl (2015-10-28) initialised: dm-devel@redhat.com
[    0.989398] ledtrig-cpu: registered to indicate activity on CPUs
[    0.990905] NET: Registered protocol family 10
[    0.992037] NET: Registered protocol family 17
[    0.992954] Key type dns_resolver registered
[    0.994327] registered taskstats version 1
[    0.995166] Loading compiled-in X.509 certificates
[    0.996785] Loaded X.509 cert 'Build time autogenerated kernel key: f06b7227f29f55afa9b8968d1b82289d30ebc7c3'
[    0.998807] zswap: loaded using pool lzo/zbud
[    1.001493] Key type trusted registered
[    1.005321] Key type encrypted registered
[    1.006235] AppArmor: AppArmor sha1 policy hashing enabled
[    1.007260] ima: No TPM chip found, activating TPM-bypass!
[    1.008306] ima: Allocated hash algorithm: sha1
[    1.009199] evm: HMAC attrs: 0x1
[    1.010281]   Magic number: 8:543:687
[    1.011166] rtc_cmos rtc_cmos: setting system clock to 2020-10-12 14:40:36 UTC (1602513636)
[    1.013287] BIOS EDD facility v0.16 2004-Jun-25, 0 devices found
[    1.014372] EDD information not available.
[    1.121562] Freeing unused kernel memory: 1492K
[    1.122485] Write protecting the kernel read-only data: 14336k
[    1.124020] Freeing unused kernel memory: 1592K
[    1.125351] Freeing unused kernel memory: 56K
Loading, please wait...
starting version 229
[    1.140960] random: systemd-udevd: uninitialized urandom read (16 bytes read, 3 bits of entropy available)
[    1.141619] random: udevadm: uninitialized urandom read (16 bytes read, 3 bits of entropy available)
[    1.141638] random: udevadm: uninitialized urandom read (16 bytes read, 3 bits of entropy available)
[    1.146813] random: systemd-udevd: uninitialized urandom read (16 bytes read, 3 bits of entropy available)
[    1.148272] random: udevadm: uninitialized urandom read (16 bytes read, 3 bits of entropy available)
[    1.148307] random: udevadm: uninitialized urandom read (16 bytes read, 3 bits of entropy available)
[    1.148411] random: udevadm: uninitialized urandom read (16 bytes read, 3 bits of entropy available)
[    1.148449] random: udevadm: uninitialized urandom read (16 bytes read, 3 bits of entropy available)
[    1.148487] random: udevadm: uninitialized urandom read (16 bytes read, 3 bits of entropy available)
[    1.148526] random: udevadm: uninitialized urandom read (16 bytes read, 3 bits of entropy available)
[    1.183655] e1000: Intel(R) PRO/1000 Network Driver - version 7.3.21-k8-NAPI
[    1.185472] e1000: Copyright (c) 1999-2006 Intel Corporation.
[    1.190761] Fusion MPT base driver 3.04.20
[    1.191784] Copyright (c) 1999-2008 LSI Corporation
[    1.196563] Fusion MPT SPI Host driver 3.04.20
[    1.206585] AVX2 version of gcm_enc/dec engaged.
[    1.207692] AES CTR mode by8 optimization enabled
[    1.397690] input: ImExPS/2 Generic Explorer Mouse as /devices/platform/i8042/serio1/input/input4
[    1.544676] e1000 0000:00:03.0 eth0: (PCI:33MHz:32-bit) 02:e1:21:9c:b1:d3
[    1.545923] e1000 0000:00:03.0 eth0: Intel(R) PRO/1000 Network Connection
[    1.913212] e1000 0000:00:08.0 eth1: (PCI:33MHz:32-bit) 08:00:27:f2:09:0f
[    1.914494] e1000 0000:00:08.0 eth1: Intel(R) PRO/1000 Network Connection
[    1.916356] mptbase: ioc0: Initiating bringup
[    1.916444] e1000 0000:00:03.0 enp0s3: renamed from eth0
[    1.928595] e1000 0000:00:08.0 enp0s8: renamed from eth1
[    1.980517] ioc0: LSI53C1030 A0: Capabilities={Initiator}
[    2.143014] scsi host2: ioc0: LSI53C1030 A0, FwRev=00000000h, Ports=1, MaxQ=256, IRQ=20
[    2.260766] scsi 2:0:0:0: Direct-Access     VBOX     HARDDISK         1.0  PQ: 0 ANSI: 5
[    2.262369] scsi target2:0:0: Beginning Domain Validation
[    2.264788] scsi target2:0:0: Domain Validation skipping write tests
[    2.265991] scsi target2:0:0: Ending Domain Validation
[    2.267041] scsi target2:0:0: asynchronous
[    2.268250] scsi 2:0:1:0: Direct-Access     VBOX     HARDDISK         1.0  PQ: 0 ANSI: 5
[    2.269848] scsi target2:0:1: Beginning Domain Validation
[    2.283272] scsi target2:0:1: Domain Validation skipping write tests
[    2.284491] scsi target2:0:1: Ending Domain Validation
[    2.285570] scsi target2:0:1: asynchronous
[    2.292078] sd 2:0:0:0: [sda] 20971520 512-byte logical blocks: (10.7 GB/10.0 GiB)
[    2.292247] sd 2:0:0:0: Attached scsi generic sg0 type 0
[    2.295055] sd 2:0:0:0: [sda] Write Protect is off
[    2.296096] sd 2:0:1:0: Attached scsi generic sg1 type 0
[    2.297327] sd 2:0:1:0: [sdb] 20480 512-byte logical blocks: (10.5 MB/10.0 MiB)
[    2.298737] sd 2:0:0:0: [sda] Incomplete mode parameter data
[    2.299718] sd 2:0:0:0: [sda] Assuming drive cache: write through
[    2.300214] sd 2:0:1:0: [sdb] Write Protect is off
[    2.300306] sd 2:0:1:0: [sdb] Incomplete mode parameter data
[    2.300307] sd 2:0:1:0: [sdb] Assuming drive cache: write through
[    2.304746]  sda: sda1
[    2.305885] sd 2:0:0:0: [sda] Attached SCSI disk
[    2.306180] sd 2:0:1:0: [sdb] Attached SCSI disk
Begin: Loading essential drivers ... [    3.637288] md: linear personality registered for level -1
[    3.640535] md: multipath personality registered for level -4
[    3.643554] md: raid0 personality registered for level 0
[    3.647749] md: raid1 personality registered for level 1
[    3.716245] raid6: sse2x1   gen()  9793 MB/s
[    3.784583] raid6: sse2x1   xor()  5564 MB/s
[    3.852392] raid6: sse2x2   gen() 12576 MB/s
[    3.920218] raid6: sse2x2   xor()  8358 MB/s
[    3.988549] raid6: sse2x4   gen() 14507 MB/s
[    4.056382] raid6: sse2x4   xor()  8589 MB/s
[    4.124201] raid6: avx2x1   gen() 19359 MB/s
[    4.192523] raid6: avx2x2   gen() 25096 MB/s
[    4.260372] raid6: avx2x4   gen() 27447 MB/s
[    4.261411] raid6: using algorithm avx2x4 gen() 27447 MB/s
[    4.262665] raid6: using avx2x2 recovery algorithm
[    4.264869] xor: automatically using best checksumming function:
[    4.304273]    avx       : 25538.000 MB/sec
[    4.306436] async_tx: api initialized (async)
[    4.317993] md: raid6 personality registered for level 6
[    4.319038] md: raid5 personality registered for level 5
[    4.320346] md: raid4 personality registered for level 4
[    4.326626] md: raid10 personality registered for level 10
done.
Begin: Running /scripts/init-premount ... done.
Begin: Mounting root file system ... Begin: Running /scripts/local-top ... done.
Begin: Running /scripts/local-premount ... [    4.352443] Btrfs loaded
Scanning for Btrfs filesystems
done.
Warning: fsck not present, so skipping root file system
[    4.376826] EXT4-fs (sda1): mounted filesystem with ordered data mode. Opts: (null)
done.
Begin: Running /scripts/local-bottom ... done.
Begin: Running /scripts/init-bottom ... done.
[    4.449389] systemd[1]: systemd 229 running in system mode. (+PAM +AUDIT +SELINUX +IMA +APPARMOR +SMACK +SYSVINIT +UTMP +LIBCRYPTSETUP +GCRYPT +GNUTLS +ACL +XZ -LZ4 +SECCOMP +BLKID +ELFUTILS +KMOD -IDN)
[    4.452591] systemd[1]: Detected virtualization oracle.
[    4.453627] systemd[1]: Detected architecture x86-64.

Welcome to [1mUbuntu 16.04.7 LTS[0m!

[    4.456626] systemd[1]: Set hostname to <ubuntu>.
[    4.458974] systemd[1]: Initializing machine ID from random generator.
[    4.460162] systemd[1]: Installed transient /etc/machine-id file.
[    4.557180] systemd[1]: Listening on LVM2 metadata daemon socket.
[[0;32m  OK  [0m] Listening on LVM2 metadata daemon socket.
[    4.559204] systemd[1]: Started Forward Password Requests to Wall Directory Watch.
[[0;32m  OK  [0m] Started Forward Password Requests to Wall Directory Watch.
[    4.561623] systemd[1]: Reached target Swap.
[[0;32m  OK  [0m] Reached target Swap.
[    4.563344] systemd[1]: Created slice User and Session Slice.
[[0;32m  OK  [0m] Created slice User and Session Slice.
[    4.565201] systemd[1]: Reached target System Time Synchronized.
[[0;32m  OK  [0m] Reached target System Time Synchronized.
[    4.567134] systemd[1]: Listening on Device-mapper event daemon FIFOs.
[[0;32m  OK  [0m] Listening on Device-mapper event daemon FIFOs.
[    4.569212] systemd[1]: Listening on /dev/initctl Compatibility Named Pipe.
[[0;32m  OK  [0m] Listening on /dev/initctl Compatibility Named Pipe.
[    4.571381] systemd[1]: Listening on Journal Socket (/dev/log).
[[0;32m  OK  [0m] Listening on Journal Socket (/dev/log).
[    4.573392] systemd[1]: Set up automount Arbitrary Executable File Formats File System Automount Point.
[[0;32m  OK  [0m] Set up automount Arbitrary Executab...ats File System Automount Point.
[    4.576480] systemd[1]: Listening on Journal Socket.
[[0;32m  OK  [0m] Listening on Journal Socket.
[    4.578182] systemd[1]: Listening on LVM2 poll daemon socket.
[[0;32m  OK  [0m] Listening on LVM2 poll daemon socket.
[    4.580029] systemd[1]: Reached target User and Group Name Lookups.
[[0;32m  OK  [0m] Reached target User and Group Name Lookups.
[    4.582083] systemd[1]: Reached target Encrypted Volumes.
[[0;32m  OK  [0m] Reached target Encrypted Volumes.
[    4.583914] systemd[1]: Listening on udev Kernel Socket.
[[0;32m  OK  [0m] Listening on udev Kernel Socket.
[    4.585688] systemd[1]: Listening on Syslog Socket.
[[0;32m  OK  [0m] Listening on Syslog Socket.
[    4.587354] systemd[1]: Listening on udev Control Socket.
[[0;32m  OK  [0m] Listening on udev Control Socket.
[    4.589138] systemd[1]: Started Trigger resolvconf update for networkd DNS.
[[0;32m  OK  [0m] Started Trigger resolvconf update for networkd DNS.
[    4.591495] systemd[1]: Created slice System Slice.
[[0;32m  OK  [0m] Created slice System Slice.
[    4.612842] systemd[1]: Mounting POSIX Message Queue File System...
         Mounting POSIX Message Queue File System...
[    4.615311] systemd[1]: Starting Nameserver information manager...
         Starting Nameserver information manager...
[    4.617955] systemd[1]: Starting Remount Root and Kernel File Systems...
         Starting Remount Root and Kernel File Systems...
[    4.620508] systemd[1]: Starting Uncomplicated firewall...
         Starting Uncomplicated firewall...
[    4.624780] systemd[1]: Starting Load Kernel Modules...
[    4.625918] EXT4-fs (sda1): re-mounted. Opts: (null)
         Starting Load Kernel Modules...
[    4.627238] systemd[1]: Reached target Slices.
[[0;32m  OK  [0m] Reached target Slices.
[    4.629147] systemd[1]: Mounting Debug File System...
         Mounting Debug File System...
[    4.631311] systemd[1]: Starting Create list of required static device nodes for the current kernel...
         Starting Create list of required st... nodes for the current kernel...
[    4.635195] systemd[1]: Starting Set console keymap...
         Starting Set console keymap...
[    4.637548] systemd[1]: Created slice system-serial\x2dgetty.slice.
[    4.638918] Loading iSCSI transport class v2.0-870.
[[0;32m  OK  [0m] Created slice system-serial\x2dgetty.slice.
[    4.641557] systemd[1]: Starting Monitoring of LVM2 mirrors, snapshots etc. using dmeventd or progress polling...
         Starting Monitoring of LVM2 mirrors... dmeventd or progress polling...
[    4.645391] systemd[1]: Listening on Journal Audit Socket.
[[0;32m  OK  [0m] Listening on Journal Audit Socket.
[    4.647752] systemd[1]: Starting Journal Service...
         Starting Journal Service...
[    4.650377] iscsi: registered transport (tcp)
[    4.650835] systemd[1]: Mounting Huge Pages File System...
         Mounting Huge Pages File System...
[    4.658746] systemd[1]: Mounted Debug File System.
[[0;32m  OK  [0m] Mounted Debug File System.
[    4.661632] systemd[1]: Mounted POSIX Message Queue File System.
[[0;32m  OK  [0m] Mounted POSIX Message Queue File System.
[    4.664635] systemd[1]: Mounted Huge Pages File System.
[[0;32m  OK  [0m] Mounted Huge Pages File System.
[    4.671037] systemd[1]: Started Remount Root and Kernel File Systems.
[[0;32m  OK  [0m] Started Remount Root and Kernel File Systems.
[    4.686320] systemd[1]: Started Uncomplicated firewall.
[[0;32m  OK  [0m] Started Uncomplicated firewall.
[    4.690240] systemd[1]: Started Create list of required static device nodes for the current kernel.
[[0;32m  OK  [0m] Started Create list of required sta...ce nodes for the current kernel.
[    4.704744] systemd[1]: Started Nameserver information manager.
[[0;32m  OK  [0m] Started Nameserver information manager.
[    4.714139] systemd[1]: Started Journal Service.
[[0;32m  OK  [0m] Started Journal Service.
[[0;32m  OK  [0m] Started LVM2 metadata daemon.
         Starting Create Static Device Nodes in /dev...
         Starting Flush Journal to Persistent Storage...
         Starting Load/Save Random Seed...
         Starting udev Coldplug all Devices...
[[0;32m  OK  [0m] Started Set console keymap.
[[0;32m  OK  [0m] Started Load/Save Random Seed.
[    4.759397] systemd-journald[398]: Received request to flush runtime journal from PID 1
[[0;32m  OK  [0m] Started Flush Journal to Persistent Storage.
[    4.784720] iscsi: registered transport (iser)
[[0;32m  OK  [0m] Started Load Kernel Modules.
         Mounting FUSE Control File System...
         Starting Apply Kernel Variables...
[[0;32m  OK  [0m] Mounted FUSE Control File System.
[[0;32m  OK  [0m] Started Create Static Device Nodes in /dev.
         Starting udev Kernel Device Manager...
[[0;32m  OK  [0m] Started Apply Kernel Variables.
[[0;32m  OK  [0m] Started udev Kernel Device Manager.
[[0;32m  OK  [0m] Started udev Coldplug all Devices.
[[0;32m  OK  [0m] Started Dispatch Password Requests to Console Directory Watch.
[[0;32m  OK  [0m] Found device /dev/ttyS0.
[[0;32m  OK  [0m] Listening on Load/Save RF Kill Switch Status /dev/rfkill Watch.
[[0;32m  OK  [0m] Started Monitoring of LVM2 mirrors,...ng dmeventd or progress polling.
[[0;32m  OK  [0m] Reached target Local File Systems (Pre).
[[0;32m  OK  [0m] Reached target Local File Systems.
         Starting Commit a transient machine-id on disk...
         Starting Create Volatile Files and Directories...
         Starting Initial cloud-init job (pre-networking)...
         Starting Tell Plymouth To Write Out Runtime Data...
         Starting LSB: AppArmor initialization...
         Starting Set console font and keymap...
[[0;32m  OK  [0m] Started Commit a transient machine-id on disk.
[[0;32m  OK  [0m] Started Create Volatile Files and Directories.
[[0;32m  OK  [0m] Started Tell Plymouth To Write Out Runtime Data.
         Starting Update UTMP about System Boot/Shutdown...
[[0;32m  OK  [0m] Started Update UTMP about System Boot/Shutdown.
[[0;32m  OK  [0m] Started Set console font and keymap.
[[0;32m  OK  [0m] Created slice system-getty.slice.
[[0;32m  OK  [0m] Started LSB: AppArmor initialization.
         Starting Load AppArmor profiles managed internally by snapd...
[[0;32m  OK  [0m] Started Load AppArmor profiles managed internally by snapd.
[    7.068295] cloud-init[618]: Cloud-init v. 20.2-45-g5f7825e2-0ubuntu1~16.04.1 running 'init-local' at Mon, 12 Oct 2020 14:40:42 +0000. Up 6.70 seconds.
[[0;32m  OK  [0m] Started Initial cloud-init job (pre-networking).
[[0;32m  OK  [0m] Reached target Network (Pre).
         Starting Raise network interfaces...
[[0;32m  OK  [0m] Started Raise network interfaces.
         Starting Initial cloud-init job (metadata service crawler)...
[[0;32m  OK  [0m] Reached target Network.
[    8.151782] cloud-init[968]: Cloud-init v. 20.2-45-g5f7825e2-0ubuntu1~16.04.1 running 'init' at Mon, 12 Oct 2020 14:40:43 +0000. Up 7.53 seconds.
[    8.153493] cloud-init[968]: ci-info: ++++++++++++++++++++++++++++++++++++++Net device info+++++++++++++++++++++++++++++++++++++++
[    8.161112] cloud-init[968]: ci-info: +--------+-------+----------------------------+---------------+--------+-------------------+
[    8.168909] cloud-init[968]: ci-info: | Device |   Up  |          Address           |      Mask     | Scope  |     Hw-Address    |
[    8.176723] cloud-init[968]: ci-info: +--------+-------+----------------------------+---------------+--------+-------------------+
[    8.184550] cloud-init[968]: ci-info: | enp0s3 |  True |         10.0.2.15          | 255.255.255.0 | global | 02:e1:21:9c:b1:d3 |
[[0;32m  OK  [0m] Started Initial cloud-init job (metadata service crawler).
[[0;32m  OK  [0m] Reached target System Initialization.
[[0;32m  OK  [0m] Listening on UUID daemon activation socket.
[[0;32m  OK  [0m] Listening on D-Bus System Message Bus Socket.
[    8.198142] cloud-init[968]: ci-info: | enp0s3 |  True | fe80::e1:21ff:fe9c:b1d3/64 |       .       |  link  | 02:e1:21:9c:b1:d3 |
[    8.221674] cloud-init[968]: ci-info: | enp0s8 | False |             .              |       .       |   .    | 08:00:27:f2:09:0f |
[    8.228481] cloud-init[968]: ci-info: |   lo   |  True |         127.0.0.1          |   255.0.0.0   |  host  |         .         |
[    8.229744] cloud-init[968]: ci-info: |   lo   |  True |          ::1/128           |       .       |  host  |         .         |
[    8.230864] cloud-init[968]: ci-info: +--------+-------+----------------------------+---------------+--------+-------------------+
[    8.231995] cloud-init[968]: ci-info: +++++++++++++++++++++++++++Route IPv4 info++++++++++++++++++++++++++++
[[0;32m  OK  [0m] Started ACPI Events Check.
[[0;32m  OK  [0m] Reached target Paths.
[[0;32m  OK  [0m] Started Daily Cleanup of Temporary Directories.
[[0;32m  OK  [0m] Started Daily apt download activities.
[[0;32m  OK  [0m] Started Daily apt upgrade and clean activities.
         Starting Socket activation for snappy daemon.
[    8.243798] cloud-init[968]: ci-info: +-------+-------------+----------+---------------+-----------+-------+
[    8.252069] cloud-init[968]: ci-info: | Route | Destination | Gateway  |    Genmask    | Interface | Flags |
[    8.253358] cloud-init[968]: ci-info: +-------+-------------+----------+---------------+-----------+-------+
[    8.254566] cloud-init[968]: ci-info: |   0   |   0.0.0.0   | 10.0.2.2 |    0.0.0.0    |   enp0s3  |   UG  |
[[0;32m  OK  [0m] Started Message of the Day.
[[0;32m  OK  [0m] Reached target Timers.
[[0;32m  OK  [0m] Listening on ACPID Listen Socket.
[    8.258817] cloud-init[968]: ci-info: |   1   |   10.0.2.0  | 0.0.0.0  | 255.255.255.0 |   enp0s3  |   U   |
[    8.261937] cloud-init[968]: ci-info: +-------+-------------+----------+---------------+-----------+-------+
[    8.263166] cloud-init[968]: ci-info: +++++++++++++++++++Route IPv6 info+++++++++++++++++++
[    8.264285] cloud-init[968]: ci-info: +-------+-------------+---------+-----------+-------+
[    8.272295] cloud-init[968]: ci-info: | Route | Destination | Gateway | Interface | Flags |
[    8.273397] cloud-init[968]: ci-info: +-------+-------------+---------+-----------+-------+
[    8.276980] cloud-init[968]: ci-info: |   0   |  fe80::/64  |    ::   |   enp0s3  |   U   |
[    8.278089] cloud-init[968]: ci-info: |   3   |   ff00::/8  |    ::   |   enp0s3  |   U   |
[    8.279133] cloud-init[968]: ci-info: +-------+-------------+---------+-----------+-------+
[    8.280251] cloud-init[968]: Generating public/private rsa key pair.
         Starting LXD - unix socket.
[[0;32m  OK  [0m] Reached target Cloud-config availability.
[[0;32m  OK  [0m] Reached target Network is Online.
[    8.283747] cloud-init[968]: Your identification has been saved in /etc/ssh/ssh_host_rsa_key.
[    8.287182] cloud-init[968]: Your public key has been saved in /etc/ssh/ssh_host_rsa_key.pub.
[    8.288272] cloud-init[968]: The key fingerprint is:
[    8.289024] cloud-init[968]: SHA256:5zo0y2oMN7VmPN5OqAxQy0u82qkoEcxJp0pW6p5yvm0 root@ubuntu-xenial
[    8.290157] cloud-init[968]: The key's randomart image is:
[    8.290949] cloud-init[968]: +---[RSA 2048]----+
[    8.291615] cloud-init[968]: |                 |
[    8.292248] cloud-init[968]: | . o             |
[    8.292965] cloud-init[968]: |+ * .            |
[    8.293673] cloud-init[968]: |.O + .  .        |
[    8.294387] cloud-init[968]: |=.. =  oS..      |
[    8.295118] cloud-init[968]: |o. o.oo O+       |
[    8.295823] cloud-init[968]: |... ++ B.=o      |
[    8.296545] cloud-init[968]: |o+.+E+o.=o.      |
[    8.297258] cloud-init[968]: |+o=++.+..o.      |
[    8.297994] cloud-init[968]: +----[SHA256]-----+
[    8.298735] cloud-init[968]: Generating public/private dsa key pair.
[    8.299616] cloud-init[968]: Your identification has been saved in /etc/ssh/ssh_host_dsa_key.
[    8.302933]          Starting iSCSI initiator daemon (iscsid)...
[[0;32m  OK  [0m] Listening on Socket activation for snappy daemon.
[[0;32m  OK  [0m] Listening on LXD - unix socket.
[[0;32m  OK  [0m] Reached target Sockets.
[[0;32m  OK  [0m] Reached target Basic System.
cloud-init[968]: Your public key has been saved in /etc/ssh/ssh_host_dsa_key.pub.
[    8.306647] [[0;32m  OK  [0m] Started D-Bus System Message Bus.
cloud-init[968]: The key fingerprint is:
[    8.308332] cloud-init[968]: SHA256:pi6Zul6V5isIdbgV9rEZAtZb3b5s+3MQRNjrQoS5EXo root@ubuntu-xenial
[    8.309676] cloud-init[968]: The key's randomart image is:
[    8.311873] cloud-init[968]: +---[DSA 1024]----+
[    8.312571] cloud-init[968]: |  oo   ..= +.    |
[    8.313514] cloud-init[968]: | .  = +.= + o    |
[    8.314434] cloud-init[968]: |   o *.=E= . .   |
[    8.315388] cloud-init[968]: |  o + +o. o o    |
[    8.316378] cloud-init[968]: | . +  + So o .   |
[    8.317307] cloud-init[968]: |. .  + o  = o    |
[    8.318248] cloud-init[968]: | . ..oo  . o .   |
[    8.319153] cloud-init[968]: |  ..=. .  . . .  |
[    8.320156] cloud-init[968]: | .+o oo    ..o   |
[    8.321144] cloud-init[968]: +----[SHA256]-----+
[    8.322078] cloud-init[968]: Generating public/private ecdsa key pair.
[[0;32m  OK  [0m] Started Regular background program processing daemon.
[    8.323157] cloud-init         Starting Pollinate to seed the pseudo random number generator...
         Starting Login Service...
[968]: Your identification has been saved in /etc/ssh/ssh_host_ecdsa_key.         Starting Accounts Service...
         Starting LSB: MD monitoring daemon...
         Starting Virtualbox guest utils...
[[0;32m  OK  [0m] Started Deferred execution scheduler.
         Starting System Logging Service...
         Starting LSB: Record successful boot for GRUB...
         Starting /etc/rc.local Compatibility...
[[0;32m  OK  [0m] Started FUSE filesystem for LXC.
[[0;32m  OK  [0m] Started ACPI event daemon.
         Starting LXD - container startup/shutdown...
         Starting Snap Daemon...
[[0;32m  OK  [0m] Started /etc/rc.local Compatibility.
[[0;32m  OK  [0m] Started iSCSI initiator daemon (iscsid).
         Starting Login to default iSCSI targets...

[    8.363375] cloud-init[[0;32m  OK  [0m] Started Login to default iSCSI targets.
[[0;32m  OK  [0m] Reached target Remote File Systems (Pre).
[[0;32m  OK  [0m] Reached target Remote File Systems.
         Starting LSB: daemon to balance interrupts for SMP systems...
         Starting LSB: Set the CPU Frequency Scaling governor to "ondemand"...
         Starting LSB: automatic crash report generation...
         Starting Permit User Sessions...
[[0;32m  OK  [0m] Started Permit User Sessions.
         Starting Hold until boot process finishes up...
         Starting Terminate Plymouth Boot Screen...
[[0;32m  OK  [0m] Started Hold until boot process finishes up.
[[0;32m  OK  [0m] Started Serial Getty on ttyS0.
         Starting Set console scheme...
[[0;32m  OK  [0m] Started Getty on tty1.
[[0;32m  OK  [0m] Reached target Login Prompts.
[968]: Your public key has been saved in /etc/ssh/ssh_host_ecdsa_key.pub.
[    8.387476] cloud-init[968]: The key fingerprint is:
[    8.388707] cloud-init[968]: SHA256:YICX1c/tjBSkgCQ9+c75vXh4c9f3+uAgfndZn4jJbrA root@ubuntu-xenial
[    8.390009] cloud-init[968]: The key's randomart image is:
[    8.396351] cloud-init[[0;32m  OK  [0m] Started Terminate Plymouth Boot Screen.
[968]: +---[ECDSA 256]---+
[[0;32m  OK  [0m] Started Set console scheme.
[    8.399777] cloud-init[968]: |  .+o=o. ..      |
[    8.402019] cloud-init[968]: |  ..B. ....      |
[    8.406301] cloud-init[968]: |   . oo .o o     |
[    8.407562] [[0;32m  OK  [0m] Started System Logging Service.
cloud-init[[0;32m  OK  [0m] Started LSB: Set the CPU Frequency Scaling governor to "ondemand".
[968]: |     ...  + .    |
[[0;32m  OK  [0m] Started Login Service.
[    8.429680] cloud-init[[0;32m  OK  [0m] Started LSB: Record successful boot for GRUB.
[968]: |     o .S. +     |
[    8.438263] cloud-init[968]: |      +  .. o   .|
[    8.444178] [[0;32m  OK  [0m] Started Unattended Upgrades Shutdown.
cloud-init[968]: |       . o= + o.=|
[    8.455297] cloud-init[968]: |        oE=*o+o+=|
[    8.460166] cloud-init[968]: |        .o=* oo+=|
[    8.462768] cloud-init[968]: +----[SHA256]-----+
[    8.467666] cloud-init[968]: Generating public/private ed25519 key pair.
[    8.472983] cloud-init[968]: Your identification has been saved in /etc/ssh/ssh_host_ed25519_key.
[    8.478397] cloud-init[968]: Your public key has been saved in /etc/ssh/ssh_host_ed25519_key.pub.
[    8.480756] cloud-init[968]: The key fingerprint is:
[[0;32m  OK  [0m] Started LSB: MD monitoring daemon.
[    8.486823] cloud-init[968]: SHA256:7064zHD1209/eDSRY7DFTR4yd+RD8fOPl2HQWl2Zu70 root@ubuntu-xenial
[    8.488879] cloud-init[968]: [[0;32m  OK  [0m] Started LSB: automatic crash report generation.
The key's randomart image is:[[0;32m  OK  [0m] Started LSB: daemon to balance interrupts for SMP systems.

[    8.520315] cloud-init[968]: +--[ED25519 256]--+
[    8.529593] cloud-init[968]: |             o.BX|
[    8.531831] cloud-init         Starting Authenticate and Authorize Users to Run Privileged Tasks...
[968]: |             .*BB|[[0;32m  OK  [0m] Started LXD - container startup/shutdown.

[    8.536569] cloud-init[968]: |             .+=B|
[    8.542918] cloud-init[968]: |             .+*+|
[    8.544533] cloud-init[968]: |        S .  ..o*|
[    8.546042] cloud-init[968]: |         + .  .+*|
[    8.552494] cloud-init[968]: |      . o o . .+*|
[    8.553603] cloud-init[968]: |       = +   o.E+|
[    8.555174] [[0;32m  OK  [0m] Started Authenticate and Authorize Users to Run Privileged Tasks.
cloud-init[968]: |        +.o . .o+|
[    8.560518] cloud-init[968]: +----[SHA256]-----+[[0;32m  OK  [0m] Started Accounts Service.

[[0;32m  OK  [0m] Started Virtualbox guest utils.
[[0;32m  OK  [0m] Started Snap Daemon.
         Starting Wait until snapd is fully seeded...
[[0;32m  OK  [0m] Started Pollinate to seed the pseudo random number generator.
         Starting OpenBSD Secure Shell server...
[[0;32m  OK  [0m] Started OpenBSD Secure Shell server.
[[0;32m  OK  [0m] Created slice User Slice of vagrant.
         Starting User Manager for UID 1000...
[[0;32m  OK  [0m] Started Session 1 of user vagrant.
[[0;32m  OK  [0m] Started User Manager for UID 1000.
[[0;32m  OK  [0m] Started Wait until snapd is fully seeded.
         Starting Apply the settings specified in cloud-config...
[[0;32m  OK  [0m] Reached target Multi-User System.
[[0;32m  OK  [0m] Reached target Graphical Interface.
         Starting Update UTMP about System Runlevel Changes...
[[0;32m  OK  [0m] Started Update UTMP about System Runlevel Changes.
[   13.729640] cloud-init[1415]: Generating locales (this might take a while)...

Ubuntu 16.04.7 LTS ubuntu-xenial ttyS0

ubuntu-xenial login: [   14.523852] cloud-init[1415]:   en_US.UTF-8... done
[   14.524838] cloud-init[1415]: Generation complete.
[   14.780596] cloud-init[1415]: Cloud-init v. 20.2-45-g5f7825e2-0ubuntu1~16.04.1 running 'modules:config' at Mon, 12 Oct 2020 14:40:49 +0000. Up 13.63 seconds.
ci-info: no authorized SSH keys fingerprints found for user ubuntu.
<14>Oct 12 14:40:50 ec2: 
<14>Oct 12 14:40:50 ec2: #############################################################
<14>Oct 12 14:40:50 ec2: -----BEGIN SSH HOST KEY FINGERPRINTS-----
<14>Oct 12 14:40:50 ec2: 1024 SHA256:pi6Zul6V5isIdbgV9rEZAtZb3b5s+3MQRNjrQoS5EXo root@ubuntu-xenial (DSA)
<14>Oct 12 14:40:50 ec2: 256 SHA256:YICX1c/tjBSkgCQ9+c75vXh4c9f3+uAgfndZn4jJbrA root@ubuntu-xenial (ECDSA)
<14>Oct 12 14:40:50 ec2: 256 SHA256:7064zHD1209/eDSRY7DFTR4yd+RD8fOPl2HQWl2Zu70 root@ubuntu-xenial (ED25519)
<14>Oct 12 14:40:50 ec2: 2048 SHA256:5zo0y2oMN7VmPN5OqAxQy0u82qkoEcxJp0pW6p5yvm0 root@ubuntu-xenial (RSA)
<14>Oct 12 14:40:50 ec2: -----END SSH HOST KEY FINGERPRINTS-----
<14>Oct 12 14:40:50 ec2: #############################################################
-----BEGIN SSH HOST KEY KEYS-----
ecdsa-sha2-nistp256 AAAAE2VjZHNhLXNoYTItbmlzdHAyNTYAAAAIbmlzdHAyNTYAAABBBEdSUy1lj1howf1+YF0bgaeKyqEyHYznz8xKLWBcZ6CGX0J0ajpkHaoFAlOIKe1Z3wetPO7wbkrl0NzC5TKx/Sk= root@ubuntu-xenial
ssh-ed25519 AAAAC3NzaC1lZDI1NTE5AAAAIGlRONvz90PRzrSbFhgE00VzJ648+PFF9ihNC41tNq6E root@ubuntu-xenial
ssh-rsa AAAAB3NzaC1yc2EAAAADAQABAAABAQCzoSaM1xr1ucgqNsBS2gPm9hX9DM4YjuY4nd8hc09MfI/6CFrbzMjRO8aqD860ERIq6NJ0r+IIwyWWfw426kFCqaNSXjpPCF2nja6PBG5Ky831Z3C0wh7AbQG5Xe+KlC5HmWBsWyU80qpBxLu5yOGLU61SISXmF3c29lrGjEhIUIYyx88j5TJtrA+xISLvZCaBCDyRiCDHEZUMgwRJsJ6PFj3MWmU+zSmQxRq8fIyStXhm1HYKcK94F2sg4nxfyVWeXZwuT5u2DlowfwbZ5zQqePMKg6zKq1RHb0WJwo/Wv3QdJLWcD9V1aYsP3nD/ao6y9VMv1RL6XghjP4QmHT2J root@ubuntu-xenial
-----END SSH HOST KEY KEYS-----
[   15.239479] cloud-init[1577]: Cloud-init v. 20.2-45-g5f7825e2-0ubuntu1~16.04.1 running 'modules:final' at Mon, 12 Oct 2020 14:40:50 +0000. Up 15.10 seconds.
[   15.239646] cloud-init[1577]: ci-info: no authorized SSH keys fingerprints found for user ubuntu.
[   15.240227] cloud-init[1577]: Cloud-init v. 20.2-45-g5f7825e2-0ubuntu1~16.04.1 finished at Mon, 12 Oct 2020 14:40:50 +0000. Datasource DataSourceNoCloud [seed=/dev/sdb][dsmode=net].  Up 15.23 seconds
